{
  "name": "@scope/test-project",
  "version": "0.0.1",
  "description": "test-project",
  "private": true,
  "author": {
    "name": "John Smith",
    "email": "john.smith@example.com",
    "url": "https://example.com"
  },
  "license": "MIT",
  "keywords": [],
  "repository": {
    "type": "git",
    "url": "https://github.com/johnsmith/test-project"
  },
  "type": "module",
  "scripts": {
    "dev": "vite",
    "build": "tsc && vite build",
    "lint": "eslint --fix . && prettier --write .",
    "test": "vitest run --passWithNoTests",
    "testw": "vitest watch --passWithNoTests",
    "check": "tsc --project tsconfig.json --noEmit",
    "preview": "vite preview",
    "storybook": "storybook dev -p 6006",
    "build-storybook": "storybook build"
  },
  "dependencies": {},
  "devDependencies": {
    "@chromatic-com/storybook": "^1.0.0",
    "@gmjs/eslint-config": "^1.0.0",
    "@storybook/addon-essentials": "^1.0.0",
    "@storybook/addon-interactions": "^1.0.0",
    "@storybook/addon-links": "^1.0.0",
    "@storybook/blocks": "^1.0.0",
    "@storybook/html": "^1.0.0",
    "@storybook/html-vite": "^1.0.0",
    "@storybook/test": "^1.0.0",
    "@storybook/types": "^1.0.0",
    "@types/node": "^1.0.0",
    "autoprefixer": "^1.0.0",
    "eslint": "^1.0.0",
    "postcss": "^1.0.0",
    "prettier": "^1.0.0",
    "storybook": "^1.0.0",
    "tailwindcss": "^1.0.0",
    "ts-node": "^1.0.0",
    "typescript": "^1.0.0",
    "vite": "^1.0.0",
    "vitest": "^1.0.0"
  },
  "engines": {
    "node": ">=24.1.0"
  }
}
