import { getEsLintConfigs } from '@gmjs/eslint-config';

/** @type { import("eslint").FlatConfig[] } */
export default [
  {
    ignores: [
      'dist/',
      'eslint.config.mjs',
      'jest.config.ts',
    ],
  },
  ...getEsLintConfigs({ projectType: 'node' }),
];
